exports[`GivingActivity should render with data 1`] = `
<GivingActivity
  feed={
    Object {
      "userFeed": Array [
        Object {
          "date": "2016-12-01",
          "details": Array [
            Object {
              "account": Object {
                "name": "General Fund",
              },
              "amount": 1,
            },
          ],
          "id": "123",
          "schedule": null,
          "status": "Pending",
          "statusMessage": "Manually set to pending for testing",
          "summary": "Reference Number: 12345",
        },
        Object {
          "date": "2016-11-01",
          "details": Array [
            Object {
              "account": Object {
                "name": "General Fund",
              },
              "amount": 2,
            },
          ],
          "id": "456",
          "schedule": null,
          "status": "Failed",
          "statusMessage": "Manually set to failed for testing",
          "summary": "Reference Number: 2355654",
        },
        Object {
          "date": "2016-10-03",
          "details": Array [
            Object {
              "account": Object {
                "name": "General Fund",
              },
              "amount": 3,
            },
          ],
          "id": "789",
          "schedule": null,
          "status": null,
          "statusMessage": null,
          "summary": "Reference Number: 76543",
        },
        Object {
          "expirationMonth": null,
          "expirationYear": null,
          "id": "111",
          "name": "Harambe\'s Card",
        },
      ],
    }
  }>
  <div
    className="soft-half hard-top">
    <Activity
      date="2016-12-01"
      linkText="Update it Now"
      linkUrl="/"
      message="Your saved payment undefined is expiring soon."
      status="">
      <div
        className="card">
        <div
          className="card__item soft text-left soft-bottom rounded background--dark-primary text-light-primary">
          <div
            className="floating text-left">
            <i
              className="soft-half-right">
              <Error
                fill="#FFFFFF"
                height="31px"
                width="30px">
                <svg
                  height="31px"
                  version="1.1"
                  viewBox="0 0 60 61"
                  width="30px">
                  <g
                    fill="none"
                    fillRule="evenodd"
                    stroke="none"
                    strokeWidth="1">
                    <g
                      fill="#FFFFFF"
                      transform="translate(-90.000000, -163.000000)">
                      <g
                        transform="translate(60.000000, 0.000000)">
                        <g
                          transform="translate(30.000000, 163.000000)">
                          <path
                            d="M30,54.33 L30,54.33 C43.254834,54.33 54,43.584834 54,30.33 C54,17.075166 43.254834,6.33 30,6.33 C16.745166,6.33 6,17.075166 6,30.33 C6,43.584834 16.745166,54.33 30,54.33 L30,54.33 Z M30,60.33 L30,60.33 C13.4314575,60.33 0,46.8985425 0,30.33 C0,13.7614575 13.4314575,0.33 30,0.33 C46.5685425,0.33 60,13.7614575 60,30.33 C60,46.8985425 46.5685425,60.33 30,60.33 L30,60.33 Z"
                            id="Shape" />
                          <path
                            d="M28.784,33.438 L28.784,33.438 L27.9222343,33.438 L27.7949654,32.5856839 L26.7389654,25.5136839 L26.728,25.366 L26.728,16.502 L26.728,15.502 L27.728,15.502 L32.272,15.502 L33.272,15.502 L33.272,16.502 L33.272,25.366 L33.2610346,25.5136839 L32.2050346,32.5856839 L32.0777657,33.438 L31.216,33.438 L28.784,33.438 Z M26.504,41.662 L26.504,41.662 C26.504,39.6282997 27.9530061,38.166 30,38.166 C32.0469939,38.166 33.496,39.6282997 33.496,41.662 C33.496,43.6957003 32.0469939,45.158 30,45.158 C27.9530061,45.158 26.504,43.6957003 26.504,41.662 L26.504,41.662 Z"
                            id="Shape" />
                        </g>
                      </g>
                    </g>
                  </g>
                </svg>
              </Error>
            </i>
            <h5
              className="display-inline-block floating__item soft-half-bottom">
              Dec 1, 2016
            </h5>
          </div>
          <p>
            Your saved payment undefined is expiring soon.
          </p>
          <Link
            className="text-light-primary plain"
            onlyActiveOnIndex={false}
            style={Object {}}
            to="/">
            <a
              className="text-light-primary plain"
              onClick={[Function]}
              style={Object {}}>
              <h5
                className="display-inline-block">
                Update it Now
              </h5>
              <span
                className="icon-arrow-next soft-half-left" />
            </a>
          </Link>
        </div>
      </div>
    </Activity>
    <Activity
      date="2016-12-01"
      linkText="Update it Now"
      linkUrl="/"
      message="Your saved payment undefined is expiring soon."
      status="">
      <div
        className="card">
        <div
          className="card__item soft text-left soft-bottom rounded background--dark-primary text-light-primary">
          <div
            className="floating text-left">
            <i
              className="soft-half-right">
              <Error
                fill="#FFFFFF"
                height="31px"
                width="30px">
                <svg
                  height="31px"
                  version="1.1"
                  viewBox="0 0 60 61"
                  width="30px">
                  <g
                    fill="none"
                    fillRule="evenodd"
                    stroke="none"
                    strokeWidth="1">
                    <g
                      fill="#FFFFFF"
                      transform="translate(-90.000000, -163.000000)">
                      <g
                        transform="translate(60.000000, 0.000000)">
                        <g
                          transform="translate(30.000000, 163.000000)">
                          <path
                            d="M30,54.33 L30,54.33 C43.254834,54.33 54,43.584834 54,30.33 C54,17.075166 43.254834,6.33 30,6.33 C16.745166,6.33 6,17.075166 6,30.33 C6,43.584834 16.745166,54.33 30,54.33 L30,54.33 Z M30,60.33 L30,60.33 C13.4314575,60.33 0,46.8985425 0,30.33 C0,13.7614575 13.4314575,0.33 30,0.33 C46.5685425,0.33 60,13.7614575 60,30.33 C60,46.8985425 46.5685425,60.33 30,60.33 L30,60.33 Z"
                            id="Shape" />
                          <path
                            d="M28.784,33.438 L28.784,33.438 L27.9222343,33.438 L27.7949654,32.5856839 L26.7389654,25.5136839 L26.728,25.366 L26.728,16.502 L26.728,15.502 L27.728,15.502 L32.272,15.502 L33.272,15.502 L33.272,16.502 L33.272,25.366 L33.2610346,25.5136839 L32.2050346,32.5856839 L32.0777657,33.438 L31.216,33.438 L28.784,33.438 Z M26.504,41.662 L26.504,41.662 C26.504,39.6282997 27.9530061,38.166 30,38.166 C32.0469939,38.166 33.496,39.6282997 33.496,41.662 C33.496,43.6957003 32.0469939,45.158 30,45.158 C27.9530061,45.158 26.504,43.6957003 26.504,41.662 L26.504,41.662 Z"
                            id="Shape" />
                        </g>
                      </g>
                    </g>
                  </g>
                </svg>
              </Error>
            </i>
            <h5
              className="display-inline-block floating__item soft-half-bottom">
              Dec 1, 2016
            </h5>
          </div>
          <p>
            Your saved payment undefined is expiring soon.
          </p>
          <Link
            className="text-light-primary plain"
            onlyActiveOnIndex={false}
            style={Object {}}
            to="/">
            <a
              className="text-light-primary plain"
              onClick={[Function]}
              style={Object {}}>
              <h5
                className="display-inline-block">
                Update it Now
              </h5>
              <span
                className="icon-arrow-next soft-half-left" />
            </a>
          </Link>
        </div>
      </div>
    </Activity>
    <Activity
      date="2016-12-01"
      linkText="Update it Now"
      linkUrl="/"
      message="Your saved payment undefined is expiring soon."
      status="">
      <div
        className="card">
        <div
          className="card__item soft text-left soft-bottom rounded background--dark-primary text-light-primary">
          <div
            className="floating text-left">
            <i
              className="soft-half-right">
              <Error
                fill="#FFFFFF"
                height="31px"
                width="30px">
                <svg
                  height="31px"
                  version="1.1"
                  viewBox="0 0 60 61"
                  width="30px">
                  <g
                    fill="none"
                    fillRule="evenodd"
                    stroke="none"
                    strokeWidth="1">
                    <g
                      fill="#FFFFFF"
                      transform="translate(-90.000000, -163.000000)">
                      <g
                        transform="translate(60.000000, 0.000000)">
                        <g
                          transform="translate(30.000000, 163.000000)">
                          <path
                            d="M30,54.33 L30,54.33 C43.254834,54.33 54,43.584834 54,30.33 C54,17.075166 43.254834,6.33 30,6.33 C16.745166,6.33 6,17.075166 6,30.33 C6,43.584834 16.745166,54.33 30,54.33 L30,54.33 Z M30,60.33 L30,60.33 C13.4314575,60.33 0,46.8985425 0,30.33 C0,13.7614575 13.4314575,0.33 30,0.33 C46.5685425,0.33 60,13.7614575 60,30.33 C60,46.8985425 46.5685425,60.33 30,60.33 L30,60.33 Z"
                            id="Shape" />
                          <path
                            d="M28.784,33.438 L28.784,33.438 L27.9222343,33.438 L27.7949654,32.5856839 L26.7389654,25.5136839 L26.728,25.366 L26.728,16.502 L26.728,15.502 L27.728,15.502 L32.272,15.502 L33.272,15.502 L33.272,16.502 L33.272,25.366 L33.2610346,25.5136839 L32.2050346,32.5856839 L32.0777657,33.438 L31.216,33.438 L28.784,33.438 Z M26.504,41.662 L26.504,41.662 C26.504,39.6282997 27.9530061,38.166 30,38.166 C32.0469939,38.166 33.496,39.6282997 33.496,41.662 C33.496,43.6957003 32.0469939,45.158 30,45.158 C27.9530061,45.158 26.504,43.6957003 26.504,41.662 L26.504,41.662 Z"
                            id="Shape" />
                        </g>
                      </g>
                    </g>
                  </g>
                </svg>
              </Error>
            </i>
            <h5
              className="display-inline-block floating__item soft-half-bottom">
              Dec 1, 2016
            </h5>
          </div>
          <p>
            Your saved payment undefined is expiring soon.
          </p>
          <Link
            className="text-light-primary plain"
            onlyActiveOnIndex={false}
            style={Object {}}
            to="/">
            <a
              className="text-light-primary plain"
              onClick={[Function]}
              style={Object {}}>
              <h5
                className="display-inline-block">
                Update it Now
              </h5>
              <span
                className="icon-arrow-next soft-half-left" />
            </a>
          </Link>
        </div>
      </div>
    </Activity>
  </div>
</GivingActivity>
`;

exports[`GivingActivity should render with minimal props 1`] = `<GivingActivity />`;
