exports[`CardSlider should render with default props 1`] = `
<div
  style={
    Object {
      "WebkitOverflowScrolling": "touch",
      "overflowX": "scroll",
      "overflowY": "hidden",
    }
  }>
  <section
    style={
      Object {
        "width": "867.2px",
      }
    }>
    <CardSliderItem
      item={
        Object {
          "count": "11,130",
          "label": "Total Salvations",
        }
      }
      padding={true} />
    <CardSliderItem
      item={
        Object {
          "count": "3,982",
          "label": "Student Salvations at Fuse and Gauntlet",
        }
      }
      padding={false} />
  </section>
</div>
`;
