// Jest Snapshot v1, https://goo.gl/fbAQLP

exports[`allows clearing individual data fields 1`] = `
Object {
  "account": true,
  "alternateAccounts": Array [],
  "attempts": 0,
  "authorized": false,
  "data": Object {
    "age": 55,
    "email": null,
    "firstName": null,
    "lastName": null,
    "password": null,
    "person": Object {
      "firstName": "Jeff",
      "lastName": "Goldblum",
    },
    "personId": null,
    "terms": true,
  },
  "errors": Object {},
  "forgot": false,
  "hasPerson": false,
  "peopleWithoutAccountEmails": Array [],
  "person": Object {
    "age": null,
    "birthdate": null,
    "campus": Object {
      "name": null,
      "shortcode": null,
    },
    "email": null,
    "firstName": null,
    "home": Object {
      "city": null,
      "country": null,
      "id": null,
      "state": null,
      "street1": null,
      "street2": null,
      "zip": null,
    },
    "lastName": null,
    "nickName": null,
    "phoneNumbers": Array [],
    "photo": null,
  },
  "resettingAccount": false,
  "showWelcome": false,
  "state": "default",
  "success": false,
}
`;

exports[`allows saving data 1`] = `
Object {
  "account": true,
  "alternateAccounts": Array [],
  "attempts": 0,
  "authorized": false,
  "data": Object {
    "age": 55,
    "email": null,
    "firstName": null,
    "lastName": null,
    "password": null,
    "person": Object {
      "firstName": "Jeff",
      "lastName": "Goldblum",
    },
    "personId": null,
    "terms": true,
  },
  "errors": Object {},
  "forgot": false,
  "hasPerson": false,
  "peopleWithoutAccountEmails": Array [],
  "person": Object {
    "age": null,
    "birthdate": null,
    "campus": Object {
      "name": null,
      "shortcode": null,
    },
    "email": null,
    "firstName": null,
    "home": Object {
      "city": null,
      "country": null,
      "id": null,
      "state": null,
      "street1": null,
      "street2": null,
      "zip": null,
    },
    "lastName": null,
    "nickName": null,
    "phoneNumbers": Array [],
    "photo": null,
  },
  "resettingAccount": false,
  "showWelcome": false,
  "state": "default",
  "success": false,
}
`;

exports[`can disable the users account 1`] = `
Object {
  "account": false,
  "alternateAccounts": Array [],
  "attempts": 0,
  "authorized": false,
  "data": Object {
    "age": 55,
    "email": null,
    "firstName": null,
    "lastName": null,
    "password": null,
    "person": Object {
      "firstName": "Jeff",
      "lastName": "Goldblum",
    },
    "personId": null,
    "terms": true,
  },
  "errors": Object {},
  "forgot": false,
  "hasPerson": false,
  "peopleWithoutAccountEmails": Array [],
  "person": Object {
    "age": null,
    "birthdate": null,
    "campus": Object {
      "name": null,
      "shortcode": null,
    },
    "email": null,
    "firstName": null,
    "home": Object {
      "city": null,
      "country": null,
      "id": null,
      "state": null,
      "street1": null,
      "street2": null,
      "zip": null,
    },
    "lastName": null,
    "nickName": null,
    "phoneNumbers": Array [],
    "photo": null,
  },
  "resettingAccount": false,
  "showWelcome": false,
  "state": "default",
  "success": false,
}
`;

exports[`can remove data from a persons account 1`] = `
Object {
  "account": true,
  "alternateAccounts": Array [],
  "attempts": 0,
  "authorized": false,
  "data": Object {
    "age": 55,
    "email": null,
    "firstName": null,
    "lastName": null,
    "password": null,
    "person": Object {
      "firstName": "Jeff",
      "lastName": "Goldblum",
    },
    "personId": null,
    "terms": true,
  },
  "errors": Object {},
  "forgot": false,
  "hasPerson": false,
  "peopleWithoutAccountEmails": Array [],
  "person": Object {
    "age": null,
    "birthdate": null,
    "campus": Object {
      "name": null,
      "shortcode": null,
    },
    "email": null,
    "firstName": null,
    "home": Object {
      "city": null,
      "country": null,
      "id": null,
      "state": null,
      "street1": null,
      "street2": null,
      "zip": null,
    },
    "lastName": null,
    "nickName": null,
    "phoneNumbers": Array [],
    "photo": null,
  },
  "resettingAccount": false,
  "showWelcome": false,
  "state": "default",
  "success": false,
}
`;

exports[`can remove errors from the state 1`] = `
Object {
  "account": true,
  "alternateAccounts": Array [],
  "attempts": 0,
  "authorized": false,
  "data": Object {
    "age": 55,
    "email": null,
    "firstName": null,
    "lastName": null,
    "password": null,
    "person": Object {
      "firstName": "Jeff",
      "lastName": "Goldblum",
    },
    "personId": null,
    "terms": true,
  },
  "errors": Object {},
  "forgot": false,
  "hasPerson": false,
  "peopleWithoutAccountEmails": Array [],
  "person": Object {
    "age": null,
    "birthdate": null,
    "campus": Object {
      "name": null,
      "shortcode": null,
    },
    "email": null,
    "firstName": null,
    "home": Object {
      "city": null,
      "country": null,
      "id": null,
      "state": null,
      "street1": null,
      "street2": null,
      "zip": null,
    },
    "lastName": null,
    "nickName": null,
    "phoneNumbers": Array [],
    "photo": null,
  },
  "resettingAccount": false,
  "showWelcome": false,
  "state": "default",
  "success": false,
}
`;

exports[`checks whether or not a user is logged in 1`] = `
Object {
  "account": true,
  "alternateAccounts": Array [],
  "attempts": 0,
  "authorized": true,
  "data": Object {
    "age": 55,
    "email": null,
    "firstName": null,
    "lastName": null,
    "password": null,
    "person": Object {
      "firstName": "Jeff",
      "lastName": "Goldblum",
    },
    "personId": null,
    "terms": true,
  },
  "errors": Object {},
  "forgot": false,
  "hasPerson": false,
  "peopleWithoutAccountEmails": Array [],
  "person": Object {
    "age": null,
    "birthdate": null,
    "campus": Object {
      "name": null,
      "shortcode": null,
    },
    "email": null,
    "firstName": null,
    "home": Object {
      "city": null,
      "country": null,
      "id": null,
      "state": null,
      "street1": null,
      "street2": null,
      "zip": null,
    },
    "lastName": null,
    "nickName": null,
    "phoneNumbers": Array [],
    "photo": null,
  },
  "resettingAccount": false,
  "showWelcome": false,
  "state": "default",
  "success": false,
}
`;

exports[`doesn't change state when removing if missing info 1`] = `
Object {
  "account": true,
  "alternateAccounts": Array [],
  "attempts": 0,
  "authorized": false,
  "data": Object {
    "age": 55,
    "email": null,
    "firstName": null,
    "lastName": null,
    "password": null,
    "person": Object {
      "firstName": "Jeff",
      "lastName": "Goldblum",
    },
    "personId": null,
    "terms": true,
  },
  "errors": Object {},
  "forgot": false,
  "hasPerson": false,
  "peopleWithoutAccountEmails": Array [],
  "person": Object {
    "age": null,
    "birthdate": null,
    "campus": Object {
      "name": null,
      "shortcode": null,
    },
    "email": null,
    "firstName": null,
    "home": Object {
      "city": null,
      "country": null,
      "id": null,
      "state": null,
      "street1": null,
      "street2": null,
      "zip": null,
    },
    "lastName": null,
    "nickName": null,
    "phoneNumbers": Array [],
    "photo": null,
  },
  "resettingAccount": false,
  "showWelcome": false,
  "state": "default",
  "success": false,
}
`;

exports[`has a known initial state 1`] = `
Object {
  "account": true,
  "alternateAccounts": Array [],
  "attempts": 0,
  "authorized": false,
  "data": Object {
    "email": null,
    "firstName": null,
    "lastName": null,
    "password": null,
    "personId": null,
    "terms": true,
  },
  "errors": Object {},
  "forgot": false,
  "hasPerson": false,
  "peopleWithoutAccountEmails": Array [],
  "person": Object {
    "age": null,
    "birthdate": null,
    "campus": Object {
      "name": null,
      "shortcode": null,
    },
    "email": null,
    "firstName": null,
    "home": Object {
      "city": null,
      "country": null,
      "id": null,
      "state": null,
      "street1": null,
      "street2": null,
      "zip": null,
    },
    "lastName": null,
    "nickName": null,
    "phoneNumbers": Array [],
    "photo": null,
  },
  "resettingAccount": false,
  "showWelcome": false,
  "state": "default",
  "success": false,
}
`;

exports[`it can clear all errors from the state 1`] = `
Object {
  "account": true,
  "alternateAccounts": Array [],
  "attempts": 0,
  "authorized": false,
  "data": Object {
    "age": 55,
    "email": null,
    "firstName": null,
    "lastName": null,
    "password": null,
    "person": Object {
      "firstName": "Jeff",
      "lastName": "Goldblum",
    },
    "personId": null,
    "terms": true,
  },
  "errors": Object {},
  "forgot": false,
  "hasPerson": false,
  "peopleWithoutAccountEmails": Array [],
  "person": Object {
    "age": null,
    "birthdate": null,
    "campus": Object {
      "name": null,
      "shortcode": null,
    },
    "email": null,
    "firstName": null,
    "home": Object {
      "city": null,
      "country": null,
      "id": null,
      "state": null,
      "street1": null,
      "street2": null,
      "zip": null,
    },
    "lastName": null,
    "nickName": null,
    "phoneNumbers": Array [],
    "photo": null,
  },
  "resettingAccount": false,
  "showWelcome": false,
  "state": "default",
  "success": false,
}
`;

exports[`saves indiviual data about a person 1`] = `
Object {
  "account": true,
  "alternateAccounts": Array [],
  "attempts": 0,
  "authorized": false,
  "data": Object {
    "age": 55,
    "email": "web@newspring.cc",
    "firstName": null,
    "lastName": null,
    "password": null,
    "person": Object {
      "firstName": "Jeff",
      "lastName": "Goldblum",
    },
    "personId": null,
    "terms": true,
  },
  "errors": Object {},
  "forgot": false,
  "hasPerson": false,
  "peopleWithoutAccountEmails": Array [],
  "person": Object {
    "age": null,
    "birthdate": null,
    "campus": Object {
      "name": null,
      "shortcode": null,
    },
    "email": null,
    "firstName": null,
    "home": Object {
      "city": null,
      "country": null,
      "id": null,
      "state": null,
      "street1": null,
      "street2": null,
      "zip": null,
    },
    "lastName": null,
    "nickName": null,
    "phoneNumbers": Array [],
    "photo": null,
  },
  "resettingAccount": false,
  "showWelcome": false,
  "state": "default",
  "success": false,
}
`;

exports[`sets the account to a forgot password state 1`] = `
Object {
  "account": true,
  "alternateAccounts": Array [],
  "attempts": 0,
  "authorized": false,
  "data": Object {
    "age": 55,
    "email": null,
    "firstName": null,
    "lastName": null,
    "password": null,
    "person": Object {
      "firstName": "Jeff",
      "lastName": "Goldblum",
    },
    "personId": null,
    "terms": true,
  },
  "errors": Object {},
  "forgot": true,
  "hasPerson": false,
  "peopleWithoutAccountEmails": Array [],
  "person": Object {
    "age": null,
    "birthdate": null,
    "campus": Object {
      "name": null,
      "shortcode": null,
    },
    "email": null,
    "firstName": null,
    "home": Object {
      "city": null,
      "country": null,
      "id": null,
      "state": null,
      "street1": null,
      "street2": null,
      "zip": null,
    },
    "lastName": null,
    "nickName": null,
    "phoneNumbers": Array [],
    "photo": null,
  },
  "resettingAccount": false,
  "showWelcome": false,
  "state": "default",
  "success": false,
}
`;

exports[`shows a welcome message when its the first time 1`] = `
Object {
  "account": true,
  "alternateAccounts": Array [],
  "attempts": 0,
  "authorized": false,
  "data": Object {
    "age": 55,
    "email": null,
    "firstName": null,
    "lastName": null,
    "password": null,
    "person": Object {
      "firstName": "Jeff",
      "lastName": "Goldblum",
    },
    "personId": null,
    "terms": true,
  },
  "errors": Object {},
  "forgot": false,
  "hasPerson": false,
  "peopleWithoutAccountEmails": Array [],
  "person": Object {
    "age": null,
    "birthdate": null,
    "campus": Object {
      "name": null,
      "shortcode": null,
    },
    "email": null,
    "firstName": null,
    "home": Object {
      "city": null,
      "country": null,
      "id": null,
      "state": null,
      "street1": null,
      "street2": null,
      "zip": null,
    },
    "lastName": null,
    "nickName": null,
    "phoneNumbers": Array [],
    "photo": null,
  },
  "resettingAccount": false,
  "showWelcome": true,
  "state": "default",
  "success": false,
}
`;

exports[`will save an error to the state 1`] = `
Object {
  "account": true,
  "alternateAccounts": Array [],
  "attempts": 0,
  "authorized": false,
  "data": Object {
    "email": null,
    "firstName": null,
    "lastName": null,
    "password": null,
    "personId": null,
    "terms": true,
  },
  "errors": Object {
    "errors": Object {
      "tooslow": Object {
        "message": "must go faster",
      },
    },
  },
  "forgot": false,
  "hasPerson": false,
  "peopleWithoutAccountEmails": Array [],
  "person": Object {
    "age": null,
    "birthdate": null,
    "campus": Object {
      "name": null,
      "shortcode": null,
    },
    "email": null,
    "firstName": null,
    "home": Object {
      "city": null,
      "country": null,
      "id": null,
      "state": null,
      "street1": null,
      "street2": null,
      "zip": null,
    },
    "lastName": null,
    "nickName": null,
    "phoneNumbers": Array [],
    "photo": null,
  },
  "resettingAccount": false,
  "showWelcome": false,
  "state": "default",
  "success": false,
}
`;
