exports[`Content renders search 1`] = `<Results loadMore={[Function]} search={{...}} />`;

exports[`Content renders with props 1`] = `<Connect(Apollo(DiscoverWithoutData)) />`;

exports[`SearchLayout renders 1`] = `
<section className="hard" style={{...}}>
<Content loadMore={[Function]} search={{...}} />
</section>
`;
