exports[`test renders cordova version 1`] = `
<div>
  <Connect(SplitContainer)
    classes={
      Array [
        "background--light-primary",
      ]
    }
    nav={true}>
    <Meta
      title="jim bob" />
    <Right
      background="http://test.com/photo.jpg"
      blur={true}
      classes={
        Array [
          "floating",
          "overlay--solid-dark",
        ]
      }
      mobile={true}
      ratioClasses={
        Array [
          "floating__item",
          "overlay__item",
          "one-whole",
          "text-center",
        ]
      }>
      <div
        className="soft one-whole">
        <label
          className="background--fill ratio--square round two-fifths display-inline-block"
          htmlFor="file"
          style={
            Object {
              "backgroundImage": "url(\'http://test.com/photo.jpg\')",
              "position": "relative",
            }
          }>
          <div
            className="locked-ends locked-sides"
            onClick={[Function]}
            style={
              Object {
                "opacity": 0,
              }
            } />
        </label>
        <h4
          className="text-light-primary soft-half-top flush-bottom">
          jim
           
          bob
        </h4>
        <p
          className="text-light-primary flush">
          <em>
            anderson
          </em>
        </p>
      </div>
    </Right>
  </Connect(SplitContainer)>
  <Left
    scroll={true}>
    <Toggle
      items={
        Array [
          "Likes",
          "Following",
        ]
      }
      toggle={[Function]} />
    <div>
      <h1>
        test
      </h1>
    </div>
  </Left>
</div>
`;

exports[`test renders with props 1`] = `
<div>
  <Connect(SplitContainer)
    classes={
      Array [
        "background--light-primary",
      ]
    }
    nav={true}>
    <Meta
      title="jim bob" />
    <Right
      background="http://test.com/photo.jpg"
      blur={true}
      classes={
        Array [
          "floating",
          "overlay--solid-dark",
        ]
      }
      mobile={true}
      ratioClasses={
        Array [
          "floating__item",
          "overlay__item",
          "one-whole",
          "text-center",
        ]
      }>
      <div
        className="soft one-whole">
        <label
          className="background--fill ratio--square round two-fifths display-inline-block"
          htmlFor="file"
          style={
            Object {
              "backgroundImage": "url(\'http://test.com/photo.jpg\')",
              "position": "relative",
            }
          }>
          <input
            className="locked-ends locked-sides"
            onChange={[Function]}
            style={
              Object {
                "opacity": 0,
              }
            }
            type="file" />
        </label>
        <h4
          className="text-light-primary soft-half-top flush-bottom">
          jim
           
          bob
        </h4>
        <p
          className="text-light-primary flush">
          <em>
            anderson
          </em>
        </p>
      </div>
    </Right>
  </Connect(SplitContainer)>
  <Left
    scroll={true}>
    <Toggle
      items={
        Array [
          "Likes",
          "Following",
        ]
      }
      toggle={[Function]} />
    <div>
      <h1>
        test
      </h1>
    </div>
  </Left>
</div>
`;

exports[`test works without city 1`] = `
<div>
  <Connect(SplitContainer)
    classes={
      Array [
        "background--light-primary",
      ]
    }
    nav={true}>
    <Meta
      title="jim bob" />
    <Right
      background="http://test.com/photo.jpg"
      blur={true}
      classes={
        Array [
          "floating",
          "overlay--solid-dark",
        ]
      }
      mobile={true}
      ratioClasses={
        Array [
          "floating__item",
          "overlay__item",
          "one-whole",
          "text-center",
        ]
      }>
      <div
        className="soft one-whole">
        <label
          className="background--fill ratio--square round two-fifths display-inline-block"
          htmlFor="file"
          style={
            Object {
              "backgroundImage": "url(\'http://test.com/photo.jpg\')",
              "position": "relative",
            }
          }>
          <div
            className="locked-ends locked-sides"
            onClick={[Function]}
            style={
              Object {
                "opacity": 0,
              }
            } />
        </label>
        <h4
          className="text-light-primary soft-half-top flush-bottom">
          jim
           
          bob
        </h4>
      </div>
    </Right>
  </Connect(SplitContainer)>
  <Left
    scroll={true}>
    <Toggle
      items={
        Array [
          "Likes",
          "Following",
        ]
      }
      toggle={[Function]} />
    <div>
      <h1>
        test
      </h1>
    </div>
  </Left>
</div>
`;
