exports[`submit with a saved payment should try to submit an empty set of payment details 1`] = `
FormData {
  Symbol(impl): FormDataImpl {
    "_entries": Array [
      Object {
        "name": "billing-cc-number",
        "type": "text",
        "value": "",
      },
      Object {
        "name": "billing-cc-exp",
        "type": "text",
        "value": "",
      },
    ],
    Symbol(wrapper): [Circular],
  },
}
`;
