exports[`test appends with classes 1`] = `
<div
  className="test-container"
  style={
    Object {
      "color": "red",
    }
  }>
  <input
    checked={true}
    className="toggle-switch one two"
    id="switch-1"
    name="switch-1"
    onChange={[Function]}
    styles={Object {}}
    type="checkbox" />
  <label
    className="float-right"
    htmlFor="switch-1" />
</div>
`;

exports[`test overrides with name 1`] = `
<div
  className="test-container"
  style={
    Object {
      "color": "red",
    }
  }>
  <input
    checked={true}
    className="toggle-switch"
    id="switch-1"
    name="my name"
    onChange={[Function]}
    styles={Object {}}
    type="checkbox" />
  <label
    className="float-right"
    htmlFor="switch-1" />
</div>
`;

exports[`test overrides with theme 1`] = `
<div
  className="test-container"
  style={
    Object {
      "color": "red",
    }
  }>
  <input
    checked={true}
    className="my theme"
    id="switch-1"
    name="switch-1"
    onChange={[Function]}
    styles={Object {}}
    type="checkbox" />
  <label
    className="float-right"
    htmlFor="switch-1" />
</div>
`;

exports[`test renders with props 1`] = `
<div
  className="test-container"
  style={
    Object {
      "color": "red",
    }
  }>
  <input
    checked={true}
    className="toggle-switch"
    id="switch-1"
    name="switch-1"
    onChange={[Function]}
    styles={Object {}}
    type="checkbox" />
  <label
    className="float-right"
    htmlFor="switch-1" />
</div>
`;

exports[`test renders with styles 1`] = `
<div
  className="test-container"
  style={
    Object {
      "color": "red",
    }
  }>
  <input
    checked={true}
    className="toggle-switch"
    id="switch-1"
    name="switch-1"
    onChange={[Function]}
    styles={
      Object {
        "color": "red",
      }
    }
    type="checkbox" />
  <label
    className="float-right"
    htmlFor="switch-1" />
</div>
`;
