exports[`test preloader renders image loading component 1`] = `
<div
  className="background--fill ratio--square floating--bottom floating--left load-item_1vqkxyp" />
`;

exports[`test renderElement renders image component 1`] = `
<div
  className="background--fill ratio--square floating--bottom floating--left"
  style={
    Object {
      "backgroundImage": "url(\'http://test.com/test.jpg\')",
    }
  } />
`;

exports[`test renders with props 1`] = `
<div>
  <a
    href="http://test.com"
    onClick={[Function]}>
    <ImageLoader
      force={true}
      imageclasses={
        Array [
          "background--fill",
          "ratio--square",
          "floating--bottom",
          "floating--left",
        ]
      }
      preloader={[Function]}
      renderElement={[Function]}
      src="http://test.com/test.jpg"
      wrapper={[Function]}>
      <div
        className="floating__item soft-left soft-bottom text-light-primary" />
    </ImageLoader>
  </a>
</div>
`;
