exports[`MiniCard should render with no props 1`] = `
<MiniCard>
  <Link
    className="plain"
    onlyActiveOnIndex={false}
    style={Object {}}>
    <a
      className="plain"
      onClick={[Function]}
      style={Object {}}>
      <div
        className="card">
        <div
          className="card__item soft push-half-ends one-whole"
          style={
            Object {
              "verticalAlign": "middle",
            }
          }>
          <h6
            className="text-dark-primary capitalize push-half-top" />
        </div>
        <div
          className="locked-ends locked-right card__image one-third background--fill"
          style={
            Object {
              "backgroundImage": "url(\'undefined\')",
              "verticalAlign": "middle",
            }
          } />
      </div>
    </a>
  </Link>
</MiniCard>
`;
