exports[`test parses series query 1`] = `
Object {
  "definitions": Array [
    Object {
      "directives": Array [],
      "kind": "OperationDefinition",
      "name": Object {
        "kind": "Name",
        "value": "getSeries",
      },
      "operation": "query",
      "selectionSet": Object {
        "kind": "SelectionSet",
        "selections": Array [
          Object {
            "alias": null,
            "arguments": Array [
              Object {
                "kind": "Argument",
                "name": Object {
                  "kind": "Name",
                  "value": "channel",
                },
                "value": Object {
                  "kind": "StringValue",
                  "value": "series_newspring",
                },
              },
              Object {
                "kind": "Argument",
                "name": Object {
                  "kind": "Name",
                  "value": "limit",
                },
                "value": Object {
                  "kind": "Variable",
                  "name": Object {
                    "kind": "Name",
                    "value": "limit",
                  },
                },
              },
              Object {
                "kind": "Argument",
                "name": Object {
                  "kind": "Name",
                  "value": "skip",
                },
                "value": Object {
                  "kind": "Variable",
                  "name": Object {
                    "kind": "Name",
                    "value": "skip",
                  },
                },
              },
            ],
            "directives": Array [],
            "kind": "Field",
            "name": Object {
              "kind": "Name",
              "value": "content",
            },
            "selectionSet": Object {
              "kind": "SelectionSet",
              "selections": Array [
                Object {
                  "alias": null,
                  "arguments": Array [],
                  "directives": Array [],
                  "kind": "Field",
                  "name": Object {
                    "kind": "Name",
                    "value": "id",
                  },
                  "selectionSet": null,
                },
                Object {
                  "alias": Object {
                    "kind": "Name",
                    "value": "entryId",
                  },
                  "arguments": Array [],
                  "directives": Array [],
                  "kind": "Field",
                  "name": Object {
                    "kind": "Name",
                    "value": "id",
                  },
                  "selectionSet": null,
                },
                Object {
                  "alias": null,
                  "arguments": Array [],
                  "directives": Array [],
                  "kind": "Field",
                  "name": Object {
                    "kind": "Name",
                    "value": "title",
                  },
                  "selectionSet": null,
                },
                Object {
                  "alias": null,
                  "arguments": Array [],
                  "directives": Array [],
                  "kind": "Field",
                  "name": Object {
                    "kind": "Name",
                    "value": "status",
                  },
                  "selectionSet": null,
                },
                Object {
                  "alias": null,
                  "arguments": Array [],
                  "directives": Array [],
                  "kind": "Field",
                  "name": Object {
                    "kind": "Name",
                    "value": "channelName",
                  },
                  "selectionSet": null,
                },
                Object {
                  "alias": null,
                  "arguments": Array [],
                  "directives": Array [],
                  "kind": "Field",
                  "name": Object {
                    "kind": "Name",
                    "value": "meta",
                  },
                  "selectionSet": Object {
                    "kind": "SelectionSet",
                    "selections": Array [
                      Object {
                        "alias": null,
                        "arguments": Array [],
                        "directives": Array [],
                        "kind": "Field",
                        "name": Object {
                          "kind": "Name",
                          "value": "urlTitle",
                        },
                        "selectionSet": null,
                      },
                      Object {
                        "alias": null,
                        "arguments": Array [],
                        "directives": Array [],
                        "kind": "Field",
                        "name": Object {
                          "kind": "Name",
                          "value": "siteId",
                        },
                        "selectionSet": null,
                      },
                      Object {
                        "alias": null,
                        "arguments": Array [],
                        "directives": Array [],
                        "kind": "Field",
                        "name": Object {
                          "kind": "Name",
                          "value": "date",
                        },
                        "selectionSet": null,
                      },
                      Object {
                        "alias": null,
                        "arguments": Array [],
                        "directives": Array [],
                        "kind": "Field",
                        "name": Object {
                          "kind": "Name",
                          "value": "channelId",
                        },
                        "selectionSet": null,
                      },
                    ],
                  },
                },
                Object {
                  "alias": null,
                  "arguments": Array [],
                  "directives": Array [],
                  "kind": "Field",
                  "name": Object {
                    "kind": "Name",
                    "value": "content",
                  },
                  "selectionSet": Object {
                    "kind": "SelectionSet",
                    "selections": Array [
                      Object {
                        "alias": null,
                        "arguments": Array [
                          Object {
                            "kind": "Argument",
                            "name": Object {
                              "kind": "Name",
                              "value": "sizes",
                            },
                            "value": Object {
                              "kind": "ListValue",
                              "values": Array [
                                Object {
                                  "kind": "StringValue",
                                  "value": "large",
                                },
                              ],
                            },
                          },
                        ],
                        "directives": Array [],
                        "kind": "Field",
                        "name": Object {
                          "kind": "Name",
                          "value": "images",
                        },
                        "selectionSet": Object {
                          "kind": "SelectionSet",
                          "selections": Array [
                            Object {
                              "alias": null,
                              "arguments": Array [],
                              "directives": Array [],
                              "kind": "Field",
                              "name": Object {
                                "kind": "Name",
                                "value": "fileName",
                              },
                              "selectionSet": null,
                            },
                            Object {
                              "alias": null,
                              "arguments": Array [],
                              "directives": Array [],
                              "kind": "Field",
                              "name": Object {
                                "kind": "Name",
                                "value": "fileType",
                              },
                              "selectionSet": null,
                            },
                            Object {
                              "alias": null,
                              "arguments": Array [],
                              "directives": Array [],
                              "kind": "Field",
                              "name": Object {
                                "kind": "Name",
                                "value": "fileLabel",
                              },
                              "selectionSet": null,
                            },
                            Object {
                              "alias": null,
                              "arguments": Array [],
                              "directives": Array [],
                              "kind": "Field",
                              "name": Object {
                                "kind": "Name",
                                "value": "url",
                              },
                              "selectionSet": null,
                            },
                          ],
                        },
                      },
                      Object {
                        "alias": null,
                        "arguments": Array [],
                        "directives": Array [],
                        "kind": "Field",
                        "name": Object {
                          "kind": "Name",
                          "value": "isLight",
                        },
                        "selectionSet": null,
                      },
                      Object {
                        "alias": null,
                        "arguments": Array [],
                        "directives": Array [],
                        "kind": "Field",
                        "name": Object {
                          "kind": "Name",
                          "value": "colors",
                        },
                        "selectionSet": Object {
                          "kind": "SelectionSet",
                          "selections": Array [
                            Object {
                              "alias": null,
                              "arguments": Array [],
                              "directives": Array [],
                              "kind": "Field",
                              "name": Object {
                                "kind": "Name",
                                "value": "id",
                              },
                              "selectionSet": null,
                            },
                            Object {
                              "alias": null,
                              "arguments": Array [],
                              "directives": Array [],
                              "kind": "Field",
                              "name": Object {
                                "kind": "Name",
                                "value": "value",
                              },
                              "selectionSet": null,
                            },
                            Object {
                              "alias": null,
                              "arguments": Array [],
                              "directives": Array [],
                              "kind": "Field",
                              "name": Object {
                                "kind": "Name",
                                "value": "description",
                              },
                              "selectionSet": null,
                            },
                          ],
                        },
                      },
                    ],
                  },
                },
              ],
            },
          },
        ],
      },
      "variableDefinitions": Array [
        Object {
          "defaultValue": null,
          "kind": "VariableDefinition",
          "type": Object {
            "kind": "NonNullType",
            "type": Object {
              "kind": "NamedType",
              "name": Object {
                "kind": "Name",
                "value": "Int",
              },
            },
          },
          "variable": Object {
            "kind": "Variable",
            "name": Object {
              "kind": "Name",
              "value": "limit",
            },
          },
        },
        Object {
          "defaultValue": null,
          "kind": "VariableDefinition",
          "type": Object {
            "kind": "NonNullType",
            "type": Object {
              "kind": "NamedType",
              "name": Object {
                "kind": "Name",
                "value": "Int",
              },
            },
          },
          "variable": Object {
            "kind": "Variable",
            "name": Object {
              "kind": "Name",
              "value": "skip",
            },
          },
        },
      ],
    },
  ],
  "kind": "Document",
}
`;

exports[`test renders loading 1`] = `
<Connect(ApollosPullToRefresh)
  handleRefresh={[Function]}>
  <Meta
    title="Series" />
  <div
    className="background--light-secondary">
    <section
      className="soft-half">
      <div
        className="grid">
        <div
          className="grid__item one-half@palm-wide one-third@portable one-quarter@anchored flush-bottom@handheld push-bottom@portable push-bottom@anchored">
          <FeedItemSkeleton />
        </div>
        <div
          className="grid__item one-half@palm-wide one-third@portable one-quarter@anchored flush-bottom@handheld push-bottom@portable push-bottom@anchored">
          <FeedItemSkeleton />
        </div>
        <div
          className="grid__item one-half@palm-wide one-third@portable one-quarter@anchored flush-bottom@handheld push-bottom@portable push-bottom@anchored">
          <FeedItemSkeleton />
        </div>
        <div
          className="grid__item one-half@palm-wide one-third@portable one-quarter@anchored flush-bottom@handheld push-bottom@portable push-bottom@anchored">
          <FeedItemSkeleton />
        </div>
        <div
          className="grid__item one-half@palm-wide one-third@portable one-quarter@anchored flush-bottom@handheld push-bottom@portable push-bottom@anchored">
          <FeedItemSkeleton />
        </div>
        <div
          className="grid__item one-whole">
          <mockConstructor />
        </div>
      </div>
    </section>
  </div>
</Connect(ApollosPullToRefresh)>
`;

exports[`test renders with props 1`] = `
<Connect(ApollosPullToRefresh)
  handleRefresh={[Function]}>
  <Meta
    title="Series" />
  <div
    className="background--light-secondary">
    <section
      className="soft-half">
      <div
        className="grid">
        <div
          className="grid__item one-half@palm-wide one-third@portable one-quarter@anchored flush-bottom@handheld push-bottom@portable push-bottom@anchored">
          <FeedItem
            item={Object {}} />
        </div>
        <div
          className="grid__item one-half@palm-wide one-third@portable one-quarter@anchored flush-bottom@handheld push-bottom@portable push-bottom@anchored">
          <FeedItem
            item={Object {}} />
        </div>
        <div
          className="grid__item one-whole">
          <mockConstructor />
        </div>
      </div>
    </section>
  </div>
</Connect(ApollosPullToRefresh)>
`;
