exports[`Toggle Switch should match snapshot 1`] = `
<div
  className="float-right toggle-wrap floating__item">
  <input
    className="toggle-switch"
    id="test"
    name="toggle-switch"
    type="checkbox" />
  <label
    htmlFor="test" />
</div>
`;
