exports[`test does not render if not visible 1`] = `null`;

exports[`test renders with props 1`] = `
<NavLayout
  handleAction={[Function]}
  liked={Object {}}
  modal={Object {}}
  path="path"
  reset={[Function]} />
`;
