// Jest Snapshot v1, https://goo.gl/fbAQLP

exports[`does not render if not visible 1`] = `""`;

exports[`renders with props 1`] = `
<NavLayout
  handleAction={[Function]}
  key="navigation"
  liked={Object {}}
  modal={Object {}}
  path="path"
  reset={[Function]}
/>
`;
