// Jest Snapshot v1, https://goo.gl/fbAQLP

exports[`layoutClasses accounts for light nav bar 1`] = `"one-whole floating soft-half locked-left locked-bottom hard-ends@palm hard-sides@palm-wide-and-up soft-half-top@palm-wide-and-up nav-bar_7julxg nav-bar-border_m7kvnd"`;

exports[`layoutClasses appends additional classes 1`] = `"one-whole floating soft-half locked-left locked-bottom hard-ends@palm hard-sides@palm-wide-and-up soft-half-top@palm-wide-and-up one two"`;

exports[`layoutClasses returns default 1`] = `"one-whole floating soft-half locked-left locked-bottom hard-ends@palm hard-sides@palm-wide-and-up soft-half-top@palm-wide-and-up nav-bar_7julxg"`;

exports[`renders with props 1`] = `
<section
  className="one-whole floating soft-half locked-left locked-bottom hard-ends@palm hard-sides@palm-wide-and-up soft-half-top@palm-wide-and-up nav-bar_7julxg"
  style={
    Object {
      "backgroundColor": "red",
    }
  }
>
  <mockConstructor
    fgColor="orange"
    handleAction={[Function]}
    liked={false}
    modal={Object {}}
    navItem={Object {}}
    path="/path"
    reset={[Function]}
  />
  <mockConstructor
    fgColor="orange"
    handleAction={[Function]}
    liked={false}
    modal={Object {}}
    navItem={Object {}}
    path="/path"
    reset={[Function]}
  />
  <mockConstructor
    fgColor="orange"
    handleAction={[Function]}
    liked={false}
    modal={Object {}}
    navItem={Object {}}
    path="/path"
    reset={[Function]}
  />
  <mockConstructor
    fgColor="orange"
    handleAction={[Function]}
    liked={false}
    modal={Object {}}
    navItem={Object {}}
    path="/path"
    reset={[Function]}
  />
</section>
`;
