// Jest Snapshot v1, https://goo.gl/fbAQLP

exports[`Finances renders a layout 1`] = `
<div
  className="text-dark-primary"
>
  <Meta
    title="Finances"
  />
  <div
    className="background--primary text-center text-light-primary soft-double-ends"
  >
    <h3
      className="push-top soft-half-sides"
    >
      General Tithes and Offerings
    </h3>
    <div
      className="push-half-bottom"
    >
      <div
        className="display-inline-block"
      >
        <Connect(FitTextWithoutData)
          compressor={1.5}
          maxFontSize={18}
        >
          <Currency
            amount="40797789"
            baseHeadingSize="1"
            className="display-inline-block text-center soft-bottom"
            roundCurrency={true}
            style={
              Object {
                "fontWeight": "900",
              }
            }
            theme="light"
          />
        </Connect(FitTextWithoutData)>
      </div>
    </div>
    <div
      className="floating push-right push-bottom"
    >
      <div
        className="grid floating__item three-quarters@lap-wide-and-up nine-tenths@lap-and-up text-center"
      >
        <div
          className="grid__item two-fifths@lap-and-up push-half-bottom"
          key="0"
        >
          <div
            className="grid__item one-whole"
          >
            <Progress
              key="0"
              percentDone={1.7903792531502136}
              style={Object {}}
              theme="dark"
              title="Aiken"
              total="730435.15"
            />
          </div>
        </div>
        <div
          className="grid__item two-fifths@lap-and-up push-half-bottom"
          key="1"
        >
          <div
            className="grid__item one-whole"
          >
            <Progress
              key="1"
              percentDone={27.559314746198627}
              style={Object {}}
              theme="dark"
              title="Anderson"
              total="11243591.08"
            />
          </div>
        </div>
        <div
          className="grid__item two-fifths@lap-and-up push-half-bottom"
          key="2"
        >
          <div
            className="grid__item one-whole"
          >
            <Progress
              key="2"
              percentDone={0.7577346899852833}
              style={Object {}}
              theme="dark"
              title="Boiling Springs*"
              total="309139"
            />
          </div>
        </div>
        <div
          className="grid__item two-fifths@lap-and-up push-half-bottom"
          key="3"
        >
          <div
            className="grid__item one-whole"
          >
            <Progress
              key="3"
              percentDone={0.24100239843879773}
              style={Object {}}
              theme="dark"
              title="Central"
              total="98323.65"
            />
          </div>
        </div>
        <div
          className="grid__item two-fifths@lap-and-up push-half-bottom"
          key="4"
        >
          <div
            className="grid__item one-whole"
          >
            <Progress
              key="4"
              percentDone={6.340264199121183}
              style={Object {}}
              theme="dark"
              title="Charleston"
              total="2586687.61"
            />
          </div>
        </div>
        <div
          className="grid__item two-fifths@lap-and-up push-half-bottom"
          key="5"
        >
          <div
            className="grid__item one-whole"
          >
            <Progress
              key="5"
              percentDone={4.62938905831392}
              style={Object {}}
              theme="dark"
              title="Clemson"
              total="1888688.38"
            />
          </div>
        </div>
        <div
          className="grid__item two-fifths@lap-and-up push-half-bottom"
          key="6"
        >
          <div
            className="grid__item one-whole"
          >
            <Progress
              key="6"
              percentDone={10.647880256452131}
              style={Object {}}
              theme="dark"
              title="Columbia"
              total="4344099.72"
            />
          </div>
        </div>
        <div
          className="grid__item two-fifths@lap-and-up push-half-bottom"
          key="7"
        >
          <div
            className="grid__item one-whole"
          >
            <Progress
              key="7"
              percentDone={5.667316015581139}
              style={Object {}}
              theme="dark"
              title="Florence"
              total="2312139.63"
            />
          </div>
        </div>
        <div
          className="grid__item two-fifths@lap-and-up push-half-bottom"
          key="8"
        >
          <div
            className="grid__item one-whole"
          >
            <Progress
              key="8"
              percentDone={15.977952971912277}
              style={Object {}}
              theme="dark"
              title="Greenville"
              total="6518651.54"
            />
          </div>
        </div>
        <div
          className="grid__item two-fifths@lap-and-up push-half-bottom"
          key="9"
        >
          <div
            className="grid__item one-whole"
          >
            <Progress
              key="9"
              percentDone={3.435809842538281}
              style={Object {}}
              theme="dark"
              title="Greenwood"
              total="1401734.45"
            />
          </div>
        </div>
        <div
          className="grid__item two-fifths@lap-and-up push-half-bottom"
          key="10"
        >
          <div
            className="grid__item one-whole"
          >
            <Progress
              key="10"
              percentDone={0.9667019210281224}
              style={Object {}}
              theme="dark"
              title="Hilton Head"
              total="394393.01"
            />
          </div>
        </div>
        <div
          className="grid__item two-fifths@lap-and-up push-half-bottom"
          key="11"
        >
          <div
            className="grid__item one-whole"
          >
            <Progress
              key="11"
              percentDone={4.118424603843115}
              style={Object {}}
              theme="dark"
              title="Myrtle Beach"
              total="1680226.18"
            />
          </div>
        </div>
        <div
          className="grid__item two-fifths@lap-and-up push-half-bottom"
          key="12"
        >
          <div
            className="grid__item one-whole"
          >
            <Progress
              key="12"
              percentDone={1.1704473004652285}
              style={Object {}}
              theme="dark"
              title="Northeast Columbia"
              total="477516.62"
            />
          </div>
        </div>
        <div
          className="grid__item two-fifths@lap-and-up push-half-bottom"
          key="13"
        >
          <div
            className="grid__item one-whole"
          >
            <Progress
              key="13"
              percentDone={6.762599880106247}
              style={Object {}}
              theme="dark"
              title="Powdersville"
              total="2758991.23"
            />
          </div>
        </div>
        <div
          className="grid__item two-fifths@lap-and-up push-half-bottom"
          key="14"
        >
          <div
            className="grid__item one-whole"
          >
            <Progress
              key="14"
              percentDone={1.0489916255020584}
              style={Object {}}
              theme="dark"
              title="Rock Hill"
              total="427965.39"
            />
          </div>
        </div>
        <div
          className="grid__item two-fifths@lap-and-up push-half-bottom"
          key="15"
        >
          <div
            className="grid__item one-whole"
          >
            <Progress
              key="15"
              percentDone={8.102434178479623}
              style={Object {}}
              theme="dark"
              title="Spartanburg"
              total="3305614"
            />
          </div>
        </div>
        <div
          className="grid__item two-fifths@lap-and-up push-half-bottom"
          key="16"
        >
          <div
            className="grid__item one-whole"
          >
            <Progress
              key="16"
              percentDone={0.21916967117997496}
              style={Object {}}
              theme="dark"
              title="Sumter*"
              total="89416.38"
            />
          </div>
        </div>
        <div
          className="grid__item two-fifths@lap-and-up push-half-bottom"
          key="17"
        >
          <div
            className="grid__item one-whole"
          >
            <Progress
              key="17"
              percentDone={0.5641806471424223}
              style={Object {}}
              theme="dark"
              title="Web"
              total="230173.23"
            />
          </div>
        </div>
      </div>
    </div>
    <div
      className="soft-sides"
    >
      <small
        className="text-center"
      >
        <em>
          * Boiling Springs campus merged with Spartanburg campus on March 5.
        </em>
      </small>
      <br />
      <small
        className="text-center"
      >
        <em>
          * Sumter campus closed on May 28.
        </em>
      </small>
    </div>
  </div>
  <div
    className="background--light-primary text-center soft-double-top soft-sides"
  >
    <h3
      className="push-top push-half-bottom"
    >
      Giving to Overflow Offering
    </h3>
    <div
      className="push-top"
    >
      <Connect(FitTextWithoutData)
        compressor={1.5}
        maxFontSize={18}
      >
        <Currency
          amount="1180357.03"
          baseHeadingSize="1"
          className="display-inline-block text-center soft-bottom text-dark-primary"
          style={
            Object {
              "fontWeight": "900",
            }
          }
        />
      </Connect(FitTextWithoutData)>
    </div>
    <div
      className="floating"
    >
      <div
        className="soft-double-sides soft-sides@handheld text-center three-quarters@lap-wide-and-up nine-tenths@lap floating__item"
      >
        <hr
          className="visuallyhidden@handheld push-ends"
          style={
            Object {
              "borderTop": "1px solid #dddddd",
            }
          }
        />
      </div>
      <h3
        className="push-top push-bottom"
      >
        Your Generosity Makes a Difference
      </h3>
      <Story
        content="
              <p style=\\"font-family: colfax-web\\"><strong style=\\"font-family: colfax-web\\">CARE for AIDS</strong> benefits from our kingdom mentality.</p>
              <p style=\\"font-family: colfax-web\\">NewSpring made a new commitment in 2017 to give 10 percent of tithes to support community organizations, ministries, and churches. Following the pledge, that amount totaled <strong style=\\"font-family: colfax-web\\">$1.6 million</strong>.</p>
              <p style=\\"font-family: colfax-web\\">CARE for AIDS got $75,000 — in addition to $288,000 given in the Overflow Offering — to provide medical care, job training, and the hope of the Gospel to families in Kenya and Tanzania dealing with HIV/AIDS. The combined total was the largest gift in the organization’s history.</p>
              "
        image="//s3.amazonaws.com/ns.assets/apollos/annual+report/2017/stories/Kenya.jpg"
        linkClass="h6 btn--small@next btn--dark-secondary"
        linkText="Learn about the work of CARE for AIDS"
        linkUrl="https://newspring.cc/news/how-our-newspring-family-is-embracing-african-families-living-with-hiv-aids"
      />
    </div>
  </div>
  <div
    className="soft-ends background--light-secondary floating"
  >
    <div
      className="grid push-double-ends three-quarters@lap-wide-and-up nine-tenths@lap soft-sides@handheld floating__item"
    >
      <div
        className="grid__item text-center one-half@lap-and-up one-whole"
      >
        <h3
          className="italic"
          style={
            Object {
              "color": "#bc9b67",
              "fontFamily": "ff-meta-serif-web-pro, serif",
            }
          }
        >
          We had
        </h3>
        <Connect(FitTextWithoutData)
          compressor={0.5}
        >
          <h1
            className="uppercase flush-bottom soft-half-bottom"
            style={
              Object {
                "fontWeight": "900",
              }
            }
          >
            2,975
          </h1>
        </Connect(FitTextWithoutData)>
        <h3>
          first-time givers
        </h3>
      </div>
      <div
        className="grid__item text-center one-half@lap-and-up"
      >
        <h3
          className="italic"
          style={
            Object {
              "color": "#bc9b67",
              "fontFamily": "ff-meta-serif-web-pro, serif",
            }
          }
        >
          and
        </h3>
        <Connect(FitTextWithoutData)
          compressor={0.5}
        >
          <h1
            className="uppercase flush-bottom soft-half-bottom"
            style={
              Object {
                "fontWeight": "900",
              }
            }
          >
            13,749
          </h1>
        </Connect(FitTextWithoutData)>
        <div
          className="floating text-center"
        >
          <h3
            className="floating__item push-half-bottom"
          >
            households that gave $250 or more.
          </h3>
        </div>
      </div>
    </div>
  </div>
  <div
    className="soft-ends visuallyhidden@handheld"
    style={
      Object {
        "backgroundImage": "url(\\"//s3.amazonaws.com/ns.assets/apollos/annual+report/2017/audit_2x1.jpg\\")",
        "backgroundPosition": "center",
        "backgroundRepeat": "no-repeat",
        "backgroundSize": "cover",
        "height": "50em",
      }
    }
  />
  <div
    className="soft-ends visuallyhidden@lap-and-up"
    style={
      Object {
        "backgroundImage": "url(\\"//s3.amazonaws.com/ns.assets/apollos/annual+report/2017/audit_1x1.jpg\\")",
        "backgroundPosition": "center",
        "backgroundRepeat": "no-repeat",
        "backgroundSize": "cover",
        "height": "25em",
      }
    }
  />
  <div
    className="background--light-primary soft-sides soft-double-ends"
  >
    <h3
      className="text-center push-top"
    >
      Annual Audit
    </h3>
    <p
      className="constrain-copy text-center"
      style={
        Object {
          "fontFamily": "colfax-web",
        }
      }
    >
      NewSpring is audited annually by an external accounting firm according to Generally Accepted Accounting Principles. God calls His people to live above reproach, so for us, the annual audit is a financial and spiritual responsibility (
      <a
        alt="Philippians 2:15"
        href="https://www.bible.com/search/bible?q=philippians%202:15&version_id=111"
        target="_blank"
      >
        Philippians 2:15
      </a>
      ).
    </p>
    <br />
    <p
      className="constrain-copy text-center push-bottom"
      style={
        Object {
          "fontFamily": "colfax-web",
        }
      }
    >
      We'll update this section in May after the audit is complete. If you have any questions not answered here, please email us at finance@newspring.cc.
    </p>
  </div>
  <div
    className="background--primary text-center text-light-primary soft"
  >
    <h3
      className="push-double-top"
    >
      Keep Reading
    </h3>
    <Link
      className="btn--light push-double-bottom"
      onlyActiveOnIndex={false}
      style={Object {}}
      to="/annualreport/next-steps"
    >
      Go To Next Steps Report
    </Link>
  </div>
</div>
`;
